2026-06-27 15:34:09,209 - INFO - Pomyślnie utworzono bazę danych
2026-06-27 15:34:09,209 - INFO - COMMIT
2026-06-27 15:34:09,210 - INFO - BEGIN (implicit)
2026-06-27 15:34:09,213 - INFO - SELECT users.id, users.name, users.last_name, users.email, users.role, users.password, users.is_active, users.u_class 
FROM users
2026-06-27 15:34:09,213 - INFO - [generated in 0.00030s] ()
2026-06-27 15:34:09,214 - INFO - COMMIT
2026-06-27 15:34:09,426 - INFO - Utworzono root_admina
2026-06-27 15:34:09,427 - INFO - BEGIN (implicit)
2026-06-27 15:34:09,428 - INFO - INSERT INTO users (name, last_name, email, role, password, is_active, u_class) VALUES (?, ?, ?, ?, ?, ?, ?)
2026-06-27 15:34:09,428 - INFO - [generated in 0.00029s] ('gAAAAABqP9FRjerKxHwTHC4W6qIftPJWqgOjcjqsAbHS3qlCzVCtA4pL2EKD7qj10hwlXp2TdjYZ2jEhphdm8iJpmBnNFbrLRw==', None, 'gAAAAABqP9FR6OhZqASdahv5jmH7U36-RebJSX4Uy_Z9OXmXSw7vE3WX6z1IwyI0bOWPMvpAj4-S3aWSE-lC3AaS1JWzkVtQ9Tx_9zW9iqN1y91i8ss1Yz4=', 'root_admin', '$2b$12$PAPH0nSSFLVP/x2PWAqL.OE7G4EEjLs9iRI0a8gJOmKADhLnkgV9q', 1, None)
2026-06-27 15:34:09,430 - INFO - COMMIT
2026-06-27 15:34:09,434 - INFO - BEGIN (implicit)
2026-06-27 15:34:09,434 - INFO - SELECT users.id, users.name, users.last_name, users.email, users.role, users.password, users.is_active, users.u_class 
FROM users
2026-06-27 15:34:09,435 - INFO - [cached since 0.2221s ago] ()
2026-06-27 15:34:09,436 - INFO - COMMIT
2026-06-27 15:34:09,646 - INFO - BEGIN (implicit)
2026-06-27 15:34:09,648 - INFO - INSERT INTO users (name, last_name, email, role, password, is_active, u_class) VALUES (?, ?, ?, ?, ?, ?, ?)
2026-06-27 15:34:09,648 - INFO - [generated in 0.00028s] ('gAAAAABqP9FRhdMGKtu3dOnC_z7wEchZMsJ3gYWD5Iv-MSnDgayqABV_BYfgHPFppQRaW9U-m-f7-BEqjyRWiidj00JEYXg1Nw==', 'gAAAAABqP9FRUL2BKmi6DdzUlG_B2QYABftPcTKQHrgbHAtzl5dO07bFQvPGkOa0d_kjl7E4lC0_iPHdghZ-eHppJmaRqwRm3A==', 'gAAAAABqP9FREMH-mkRHQE3IH5rtJGBTcHcBMSYym7Ie_sG1w0avECQkUdAS-2o7KVthslqmGy-GA7vnKc_DtZvHc0Wd-WBXT6ivD_x8IctfW_El0Ew3-dk=', 'user', '$2b$12$9YUFMoTVyiakTiM9ZESzi.zFmEsTHs7w2fh36kSpv.yNdz5RvR5lu', 0, None)
2026-06-27 15:34:09,650 - INFO - COMMIT
2026-06-27 15:34:09,652 - INFO - Pomyślnie utworzono urzytkownika-natan.
2026-06-27 15:34:09,654 - INFO - BEGIN (implicit)
2026-06-27 15:34:09,654 - INFO - SELECT users.id, users.email, users.password 
FROM users
2026-06-27 15:34:09,654 - INFO - [generated in 0.00021s] ()
2026-06-27 15:34:09,655 - INFO - ROLLBACK
2026-06-27 15:34:09,862 - INFO - BEGIN (implicit)
2026-06-27 15:34:09,864 - INFO - DELETE FROM users WHERE users.id = ?
2026-06-27 15:34:09,864 - INFO - [generated in 0.00025s] (2,)
2026-06-27 15:34:09,865 - INFO - COMMIT
2026-06-27 15:34:09,868 - INFO - Usunięto użytkownika czysty-test@gmail.com z bazy danych!
